FILA 1 EVENTOS 0 IMPACTO 0 RACHA 0 INICIO 0
FILA 2 EVENTOS 0 IMPACTO 0 RACHA 0 INICIO 0
FILA 3 EVENTOS 0 IMPACTO 0 RACHA 0 INICIO 0
FILA 4 EVENTOS 0 IMPACTO 0 RACHA 0 INICIO 0
FILA 5 EVENTOS 0 IMPACTO 0 RACHA 0 INICIO 0
FILA 6 EVENTOS 0 IMPACTO 0 RACHA 0 INICIO 0
FILA 7 EVENTOS 0 IMPACTO 0 RACHA 0 INICIO 0
FILA 8 EVENTOS 0 IMPACTO 0 RACHA 0 INICIO 0
FILA 9 EVENTOS 0 IMPACTO 0 RACHA 0 INICIO 0
FILA 10 EVENTOS 0 IMPACTO 0 RACHA 0 INICIO 0
FILA 11 EVENTOS 0 IMPACTO 0 RACHA 0 INICIO 0
FILA 12 EVENTOS 0 IMPACTO 0 RACHA 0 INICIO 0
FILA 13 EVENTOS 0 IMPACTO 0 RACHA 0 INICIO 0
FILA 14 EVENTOS 0 IMPACTO 0 RACHA 0 INICIO 0
FILA 15 EVENTOS 0 IMPACTO 0 RACHA 0 INICIO 0
FILA 16 EVENTOS 0 IMPACTO 0 RACHA 0 INICIO 0
FILA 17 EVENTOS 0 IMPACTO 0 RACHA 0 INICIO 0
FILA 18 EVENTOS 0 IMPACTO 0 RACHA 0 INICIO 0
FILA 19 EVENTOS 0 IMPACTO 0 RACHA 0 INICIO 0
FILA 20 EVENTOS 0 IMPACTO 0 RACHA 0 INICIO 0
FILA 21 EVENTOS 0 IMPACTO 0 RACHA 0 INICIO 0
FILA 22 EVENTOS 0 IMPACTO 0 RACHA 0 INICIO 0
FILA 23 EVENTOS 0 IMPACTO 0 RACHA 0 INICIO 0
FILA 24 EVENTOS 0 IMPACTO 0 RACHA 0 INICIO 0
FILA 25 EVENTOS 0 IMPACTO 0 RACHA 0 INICIO 0
FILA 26 EVENTOS 0 IMPACTO 0 RACHA 0 INICIO 0
FILA 27 EVENTOS 0 IMPACTO 0 RACHA 0 INICIO 0
FILA 28 EVENTOS 0 IMPACTO 0 RACHA 0 INICIO 0
FILA 29 EVENTOS 0 IMPACTO 0 RACHA 0 INICIO 0
FILA 30 EVENTOS 0 IMPACTO 0 RACHA 0 INICIO 0
COLUMNAS 0 0 0 0 0 0 0 0 0 0 0 0 0 0 0 0 0 0 0 0 0 0 0 0 0 0 0 0 0 0
PRIORIDAD 0
COLUMNA 0
